// Jest Snapshot v1, https://goo.gl/fbAQLP

exports[`app renders admin page 1`] = `
Array [
  <nav>
    <ul>
      <li>
        <a
          href="#"
        >
          View heroes
        </a>
      </li>
      <li>
        <a
          href="#profile"
        >
          johannes@brodwall.com
        </a>
      </li>
    </ul>
  </nav>,
  <h2>
    Here are all the heroes
  </h2>,
  <ul>
    <li>
      <a
        href="#admin/heroes/1"
      >
        Alice
      </a>
    </li>
    <li>
      <a
        href="#admin/heroes/2"
      >
        Bob
      </a>
    </li>
  </ul>,
  <a
    href="#admin/heroes/add"
  >
    Add a hero
  </a>,
]
`;

exports[`app renders hero list 1`] = `
Array [
  <nav>
    <ul>
      <li>
        <a
          href="#"
        >
          View heroes
        </a>
      </li>
      <li>
        <a
          href="#profile"
        >
          johannes@brodwall.com
        </a>
      </li>
    </ul>
  </nav>,
  <div>
    <h1>
      
    </h1>
    <div
      className="heroes-list"
    >
      <h2>
        Helter
      </h2>
      <table
        className="table table-striped table-bordered table-condensed table-hover"
      >
        <thead>
          <tr>
            <th />
            <th>
              Navn
            </th>
            <th>
              Heltetype
            </th>
          </tr>
        </thead>
        <tbody>
          <tr>
            <td>
              <img
                height="25"
                src={
                  Object {
                    "process": [Function],
                  }
                }
              />
            </td>
            <td>
              Alice
            </td>
            <td>
              
            </td>
          </tr>
          <tr>
            <td>
              <img
                height="25"
                src={
                  Object {
                    "process": [Function],
                  }
                }
              />
            </td>
            <td>
              Bob
            </td>
            <td>
              
            </td>
          </tr>
        </tbody>
      </table>
    </div>
  </div>,
]
`;
